   SELECT DISTINCT bal.account_id,
          bal.invoice_id,
          CASE WHEN pkg.name LIKE '%Free%' THEN 'Free'
               WHEN pkg.name LIKE '%Pro%' THEN 'Pro'
               WHEN pkg.name LIKE '%Plus%' THEN 'Plus'
               ELSE pkg.name
           END AS package_type,
          ap.pkg_id,
          bal.amount
     FROM report.balances_vw AS bal
LEFT JOIN public.invoices AS inv
       ON inv.invoice_id = bal.invoice_id
LEFT JOIN public.account_packages AS ap
       ON bal.pkg_id = ap.pkg_id
LEFT JOIN public.packages AS pkg
       ON pkg.pkg_id = ap.pkg_id
    WHERE inv.status = 'Paid'
      AND bal.pkg_id IS NOT NULL
      AND bal.amount > 0;
